
==========  澶氬眰娆″畨鍏ㄤ綋绯?鍏ㄩ潰娴嬭瘯  ==========

[1] 鍋ュ悍妫€鏌?  FAIL: HTTP 200 status=403
  FAIL: 杩斿洖鍦ㄧ嚎鐘舵€?status=undefined
  FAIL: 浣跨敤瀛楁 shops_total shops_total=undefined

[2] 瀹夊叏閰嶇疆淇℃伅
  FAIL: HTTP 200 status=403
娴嬭瘯鑴氭湰閿欒: Cannot read properties of undefined (reading 'bcrypt') TypeError: Cannot read properties of undefined (reading 'bcrypt')
    at C:\Users\chcct\Desktop\QshopWebUI\test-security.js:47:37
    at process.processTicksAndRejections (node:internal/process/task_q
